C:\Users\bilel\OneDrive - University of Cambridge\Part 3\Essays\pci_essay\simulations\experiments\dgp2_bias_diagnostics.py:323: RuntimeWarning: Mean of empty slice
  mise_mean       = float(np.nanmean(mise_arr)),
C:\Users\bilel\OneDrive - University of Cambridge\Part 3\Essays\pci_essay\simulations\methods\kpv_bridge.py:664: RuntimeWarning: KPVPolicyBridgeQ: 24.0% of q\u0302 clipped at M_n=22.36. Possible overlap issue — check ESS_grid.
  warnings.warn(
C:\Users\bilel\OneDrive - University of Cambridge\Part 3\Essays\pci_essay\simulations\methods\kpv_bridge.py:664: RuntimeWarning: KPVPolicyBridgeQ: 16.0% of q\u0302 clipped at M_n=22.36. Possible overlap issue — check ESS_grid.
  warnings.warn(
C:\Users\bilel\OneDrive - University of Cambridge\Part 3\Essays\pci_essay\simulations\experiments\dgp2_bias_diagnostics.py:323: RuntimeWarning: Mean of empty slice
  mise_mean       = float(np.nanmean(mise_arr)),
C:\Users\bilel\OneDrive - University of Cambridge\Part 3\Essays\pci_essay\simulations\experiments\dgp2_bias_diagnostics.py:323: RuntimeWarning: Mean of empty slice
  mise_mean       = float(np.nanmean(mise_arr)),
C:\Users\bilel\OneDrive - University of Cambridge\Part 3\Essays\pci_essay\simulations\experiments\dgp2_bias_diagnostics.py:323: RuntimeWarning: Mean of empty slice
  mise_mean       = float(np.nanmean(mise_arr)),
C:\Users\bilel\OneDrive - University of Cambridge\Part 3\Essays\pci_essay\simulations\experiments\dgp2_bias_diagnostics.py:323: RuntimeWarning: Mean of empty slice
  mise_mean       = float(np.nanmean(mise_arr)),
C:\Users\bilel\OneDrive - University of Cambridge\Part 3\Essays\pci_essay\simulations\experiments\dgp2_bias_diagnostics.py:323: RuntimeWarning: Mean of empty slice
  mise_mean       = float(np.nanmean(mise_arr)),
C:\Users\bilel\OneDrive - University of Cambridge\Part 3\Essays\pci_essay\simulations\experiments\dgp2_bias_diagnostics.py:323: RuntimeWarning: Mean of empty slice
  mise_mean       = float(np.nanmean(mise_arr)),
C:\Users\bilel\OneDrive - University of Cambridge\Part 3\Essays\pci_essay\simulations\experiments\dgp2_bias_diagnostics.py:323: RuntimeWarning: Mean of empty slice
  mise_mean       = float(np.nanmean(mise_arr)),
C:\Users\bilel\OneDrive - University of Cambridge\Part 3\Essays\pci_essay\simulations\experiments\dgp2_bias_diagnostics.py:323: RuntimeWarning: Mean of empty slice
  mise_mean       = float(np.nanmean(mise_arr)),
C:\Users\bilel\OneDrive - University of Cambridge\Part 3\Essays\pci_essay\simulations\experiments\dgp2_bias_diagnostics.py:323: RuntimeWarning: Mean of empty slice
  mise_mean       = float(np.nanmean(mise_arr)),
C:\Users\bilel\OneDrive - University of Cambridge\Part 3\Essays\pci_essay\simulations\experiments\dgp2_bias_diagnostics.py:323: RuntimeWarning: Mean of empty slice
  mise_mean       = float(np.nanmean(mise_arr)),
C:\Users\bilel\OneDrive - University of Cambridge\Part 3\Essays\pci_essay\simulations\experiments\dgp2_bias_diagnostics.py:323: RuntimeWarning: Mean of empty slice
  mise_mean       = float(np.nanmean(mise_arr)),
C:\Users\bilel\OneDrive - University of Cambridge\Part 3\Essays\pci_essay\simulations\experiments\dgp2_bias_diagnostics.py:323: RuntimeWarning: Mean of empty slice
  mise_mean       = float(np.nanmean(mise_arr)),
C:\Users\bilel\OneDrive - University of Cambridge\Part 3\Essays\pci_essay\simulations\experiments\dgp2_bias_diagnostics.py:323: RuntimeWarning: Mean of empty slice
  mise_mean       = float(np.nanmean(mise_arr)),
C:\Users\bilel\OneDrive - University of Cambridge\Part 3\Essays\pci_essay\simulations\experiments\dgp2_bias_diagnostics.py:323: RuntimeWarning: Mean of empty slice
  mise_mean       = float(np.nanmean(mise_arr)),
C:\Users\bilel\OneDrive - University of Cambridge\Part 3\Essays\pci_essay\simulations\experiments\dgp2_bias_diagnostics.py:323: RuntimeWarning: Mean of empty slice
  mise_mean       = float(np.nanmean(mise_arr)),
C:\Users\bilel\OneDrive - University of Cambridge\Part 3\Essays\pci_essay\simulations\experiments\dgp2_bias_diagnostics.py:323: RuntimeWarning: Mean of empty slice
  mise_mean       = float(np.nanmean(mise_arr)),
C:\Users\bilel\OneDrive - University of Cambridge\Part 3\Essays\pci_essay\simulations\experiments\dgp2_bias_diagnostics.py:323: RuntimeWarning: Mean of empty slice
  mise_mean       = float(np.nanmean(mise_arr)),
========================================================================
Phase 13A Coverage Map  --mode full, M=100
  SNR in [0.8, 0.9, 0.95]
  n   in [500, 1000, 2000]
  cells = 9
  methods = REG_Hsuper / DRK_Hsuper / RFF500
  seed_base = 26000000
========================================================================

------------------------------------------------------------------------
CELL: SNR=0.8, n=500, M=100, seed_base_cell=26000500
------------------------------------------------------------------------
  cell SNR=0.8, n=500 : h_KDE=0.2057, ell_W=1.5517, ell_A=0.6905, ell_Z=1.5829
  J_policy_true: ['1.3664', '1.5021', '1.6163', '1.7142']
    [REG_Hsuper] n=500 M=100
  [DONE] REG_Hsuper_M100
      bse_ref=0.4583  cov=0.950  SER=0.989  [20s]
    [DRK_Hsuper] n=500 M=100
  [DONE] DRK_Hsuper_M100
      bse_ref=0.3946  cov=0.910  SER=0.800  [42s]
    [RFF500] n=500 M=100
  [DONE] RFF500_M100
      bse_ref=0.5343  cov=0.800  SER=0.724  [46s]

------------------------------------------------------------------------
CELL: SNR=0.8, n=1000, M=100, seed_base_cell=26002000
------------------------------------------------------------------------
  cell SNR=0.8, n=1000 : h_KDE=0.2057, ell_W=1.5517, ell_A=0.6905, ell_Z=1.5829
  J_policy_true: ['1.3664', '1.5021', '1.6163', '1.7142']
    [REG_Hsuper] n=1000 M=100
  [DONE] REG_Hsuper_M100
      bse_ref=0.1626  cov=0.940  SER=0.953  [65s]
    [DRK_Hsuper] n=1000 M=100
  [DONE] DRK_Hsuper_M100
      bse_ref=0.3453  cov=0.920  SER=0.844  [158s]
    [RFF500] n=1000 M=100
  [DONE] RFF500_M100
      bse_ref=0.1556  cov=0.810  SER=0.694  [104s]

------------------------------------------------------------------------
CELL: SNR=0.8, n=2000, M=100, seed_base_cell=26004000
------------------------------------------------------------------------
  cell SNR=0.8, n=2000 : h_KDE=0.2057, ell_W=1.5517, ell_A=0.6905, ell_Z=1.5829
  J_policy_true: ['1.3664', '1.5021', '1.6163', '1.7142']
    [REG_Hsuper] n=2000 M=100
  [DONE] REG_Hsuper_M100
      bse_ref=0.1740  cov=0.930  SER=1.054  [286s]
    [DRK_Hsuper] n=2000 M=100
  [DONE] DRK_Hsuper_M100
      bse_ref=0.4140  cov=0.930  SER=0.937  [693s]
    [RFF500] n=2000 M=100
  [DONE] RFF500_M100
      bse_ref=0.1891  cov=0.860  SER=0.759  [329s]

------------------------------------------------------------------------
CELL: SNR=0.9, n=500, M=100, seed_base_cell=26100500
------------------------------------------------------------------------
  cell SNR=0.9, n=500 : h_KDE=0.2057, ell_W=1.2903, ell_A=0.6905, ell_Z=1.3121
  J_policy_true: ['1.3664', '1.5021', '1.6163', '1.7142']
    [REG_Hsuper] n=500 M=100
  [DONE] REG_Hsuper_M100
      bse_ref=0.2996  cov=0.950  SER=1.016  [17s]
    [DRK_Hsuper] n=500 M=100
  [DONE] DRK_Hsuper_M100
      bse_ref=0.3467  cov=0.920  SER=0.982  [38s]
    [RFF500] n=500 M=100
  [DONE] RFF500_M100
      bse_ref=0.3299  cov=0.880  SER=0.833  [44s]

------------------------------------------------------------------------
CELL: SNR=0.9, n=1000, M=100, seed_base_cell=26102000
------------------------------------------------------------------------
  cell SNR=0.9, n=1000 : h_KDE=0.2057, ell_W=1.2903, ell_A=0.6905, ell_Z=1.3121
  J_policy_true: ['1.3664', '1.5021', '1.6163', '1.7142']
    [REG_Hsuper] n=1000 M=100
  [DONE] REG_Hsuper_M100
      bse_ref=0.4011  cov=0.920  SER=1.029  [58s]
    [DRK_Hsuper] n=1000 M=100
  [DONE] DRK_Hsuper_M100
      bse_ref=0.4496  cov=0.900  SER=0.904  [148s]
    [RFF500] n=1000 M=100
  [DONE] RFF500_M100
      bse_ref=0.4593  cov=0.880  SER=0.849  [97s]

------------------------------------------------------------------------
CELL: SNR=0.9, n=2000, M=100, seed_base_cell=26104000
------------------------------------------------------------------------
  cell SNR=0.9, n=2000 : h_KDE=0.2057, ell_W=1.2903, ell_A=0.6905, ell_Z=1.3121
  J_policy_true: ['1.3664', '1.5021', '1.6163', '1.7142']
    [REG_Hsuper] n=2000 M=100
  [DONE] REG_Hsuper_M100
      bse_ref=0.6224  cov=0.920  SER=1.106  [265s]
    [DRK_Hsuper] n=2000 M=100
  [DONE] DRK_Hsuper_M100
      bse_ref=0.6541  cov=0.880  SER=0.964  [683s]
    [RFF500] n=2000 M=100
  [DONE] RFF500_M100
      bse_ref=0.7405  cov=0.850  SER=0.903  [332s]

------------------------------------------------------------------------
CELL: SNR=0.95, n=500, M=100, seed_base_cell=26200500
------------------------------------------------------------------------
  cell SNR=0.95, n=500 : h_KDE=0.2057, ell_W=1.1399, ell_A=0.6905, ell_Z=1.1592
  J_policy_true: ['1.3664', '1.5021', '1.6163', '1.7142']
    [REG_Hsuper] n=500 M=100
  [DONE] REG_Hsuper_M100
      bse_ref=0.3431  cov=0.910  SER=0.893  [17s]
    [DRK_Hsuper] n=500 M=100
  [DONE] DRK_Hsuper_M100
      bse_ref=0.2561  cov=0.930  SER=0.896  [37s]
    [RFF500] n=500 M=100
  [DONE] RFF500_M100
      bse_ref=0.3474  cov=0.850  SER=0.801  [43s]

------------------------------------------------------------------------
CELL: SNR=0.95, n=1000, M=100, seed_base_cell=26202000
------------------------------------------------------------------------
  cell SNR=0.95, n=1000 : h_KDE=0.2057, ell_W=1.1399, ell_A=0.6905, ell_Z=1.1592
  J_policy_true: ['1.3664', '1.5021', '1.6163', '1.7142']
    [REG_Hsuper] n=1000 M=100
  [DONE] REG_Hsuper_M100
      bse_ref=0.4870  cov=0.900  SER=0.942  [58s]
    [DRK_Hsuper] n=1000 M=100
  [DONE] DRK_Hsuper_M100
      bse_ref=0.4321  cov=0.910  SER=0.904  [148s]
    [RFF500] n=1000 M=100
  [DONE] RFF500_M100
      bse_ref=0.5297  cov=0.870  SER=0.838  [96s]

------------------------------------------------------------------------
CELL: SNR=0.95, n=2000, M=100, seed_base_cell=26204000
------------------------------------------------------------------------
  cell SNR=0.95, n=2000 : h_KDE=0.2057, ell_W=1.1399, ell_A=0.6905, ell_Z=1.1592
  J_policy_true: ['1.3664', '1.5021', '1.6163', '1.7142']
    [REG_Hsuper] n=2000 M=100
  [DONE] REG_Hsuper_M100
      bse_ref=0.4656  cov=0.880  SER=0.890  [264s]
    [DRK_Hsuper] n=2000 M=100
  [DONE] DRK_Hsuper_M100
      bse_ref=0.4693  cov=0.890  SER=0.888  [686s]
    [RFF500] n=2000 M=100
  [DONE] RFF500_M100
      bse_ref=0.5084  cov=0.830  SER=0.796  [330s]

Total coverage map: 5106s (85.1 min)
Main report: C:\Users\bilel\OneDrive - University of Cambridge\Part 3\Essays\pci_essay\simulations\results\summaries\phase13_coverage_map_full.md
Boundary report: C:\Users\bilel\OneDrive - University of Cambridge\Part 3\Essays\pci_essay\simulations\results\summaries\phase13_boundary_map_full.md
SNR transition report: C:\Users\bilel\OneDrive - University of Cambridge\Part 3\Essays\pci_essay\simulations\results\summaries\phase13_snr_transition_full.md

========================================================================
MASTER TABLE PREVIEW (first 20 rows):
========================================================================
# Phase 13A Coverage Map (DGP2 Michaelis-Menten)
Date: 2026-04-29
M = 100 (paired seeds within each cell)
a_grid = [1.8, 2.2, 2.6, 3.0]

## Master table (REF dose a=2.6)

| SNR | n | method | bias_ref | |b|/SE_ref | cov_ref | SER_ref | bse_a18 | bse_a22 | bse_a26 | bse_a30 |
|---|---|---|---|---|---|---|---|---|---|---|
| 0.8 | 500 | REG_Hsuper | -0.0261 | 0.458 | 0.950 | 0.989 | 0.445 | 0.515 | 0.458 | 0.238 |
| 0.8 | 500 | DRK_Hsuper | -0.0324 | 0.395 | 0.910 | 0.800 | 0.237 | 0.410 | 0.395 | 0.240 |
| 0.8 | 500 | RFF500 | -0.0224 | 0.534 | 0.800 | 0.724 | 0.513 | 0.615 | 0.534 | 0.231 |
| 0.8 | 1000 | REG_Hsuper | -0.0066 | 0.163 | 0.940 | 0.953 | 0.075 | 0.229 | 0.163 | 0.113 |
| 0.8 | 1000 | DRK_Hsuper | -0.0217 | 0.345 | 0.920 | 0.844 | 0.009 | 0.363 | 0.345 | 0.051 |
| 0.8 | 1000 | RFF500 | -0.0046 | 0.156 | 0.810 | 0.694 | 0.033 | 0.248 | 0.156 | 0.217 |
| 0.8 | 2000 | REG_Hsuper | -0.0051 | 0.174 | 0.930 | 1.054 | 0.094 | 0.141 | 0.174 | 0.001 |
| 0.8 | 2000 | DRK_Hsuper | -0.0185 | 0.414 | 0.930 | 0.937 | 0.240 | 0.373 | 0.414 | 0.300 |
| 0.8 | 2000 | RFF500 | -0.0040 | 0.189 | 0.860 | 0.759 | 0.189 | 0.143 | 0.189 | 0.049 |
| 0.9 | 500 | REG_Hsuper | -0.0151 | 0.300 | 0.950 | 1.016 | 0.371 | 0.393 | 0.300 | 0.142 |
| 0.9 | 500 | DRK_Hsuper | -0.0219 | 0.347 | 0.920 | 0.982 | 0.375 | 0.537 | 0.347 | 0.037 |
| 0.9 | 500 | RFF500 | -0.0136 | 0.330 | 0.880 | 0.833 | 0.424 | 0.450 | 0.330 | 0.136 |
| 0.9 | 1000 | REG_Hsuper | -0.0143 | 0.401 | 0.920 | 1.029 | 0.308 | 0.444 | 0.401 | 0.252 |
| 0.9 | 1000 | DRK_Hsuper | -0.0199 | 0.450 | 0.900 | 0.904 | 0.494 | 0.724 | 0.450 | 0.088 |
| 0.9 | 1000 | RFF500 | -0.0134 | 0.459 | 0.880 | 0.849 | 0.354 | 0.519 | 0.459 | 0.272 |
| 0.9 | 2000 | REG_Hsuper | -0.0158 | 0.622 | 0.920 | 1.106 | 0.369 | 0.585 | 0.622 | 0.505 |
