C:\Users\bilel\OneDrive - University of Cambridge\Part 3\Essays\pci_essay\simulations\experiments\dgp2_bias_diagnostics.py:323: RuntimeWarning: Mean of empty slice
  mise_mean       = float(np.nanmean(mise_arr)),
C:\Users\bilel\OneDrive - University of Cambridge\Part 3\Essays\pci_essay\simulations\experiments\dgp2_bias_diagnostics.py:323: RuntimeWarning: Mean of empty slice
  mise_mean       = float(np.nanmean(mise_arr)),
C:\Users\bilel\OneDrive - University of Cambridge\Part 3\Essays\pci_essay\simulations\experiments\dgp2_bias_diagnostics.py:323: RuntimeWarning: Mean of empty slice
  mise_mean       = float(np.nanmean(mise_arr)),
C:\Users\bilel\OneDrive - University of Cambridge\Part 3\Essays\pci_essay\simulations\experiments\dgp2_bias_diagnostics.py:323: RuntimeWarning: Mean of empty slice
  mise_mean       = float(np.nanmean(mise_arr)),
C:\Users\bilel\OneDrive - University of Cambridge\Part 3\Essays\pci_essay\simulations\experiments\dgp2_bias_diagnostics.py:323: RuntimeWarning: Mean of empty slice
  mise_mean       = float(np.nanmean(mise_arr)),
C:\Users\bilel\OneDrive - University of Cambridge\Part 3\Essays\pci_essay\simulations\experiments\dgp2_bias_diagnostics.py:323: RuntimeWarning: Mean of empty slice
  mise_mean       = float(np.nanmean(mise_arr)),
C:\Users\bilel\OneDrive - University of Cambridge\Part 3\Essays\pci_essay\simulations\experiments\dgp2_bias_diagnostics.py:323: RuntimeWarning: Mean of empty slice
  mise_mean       = float(np.nanmean(mise_arr)),
C:\Users\bilel\OneDrive - University of Cambridge\Part 3\Essays\pci_essay\simulations\experiments\dgp2_bias_diagnostics.py:323: RuntimeWarning: Mean of empty slice
  mise_mean       = float(np.nanmean(mise_arr)),
C:\Users\bilel\OneDrive - University of Cambridge\Part 3\Essays\pci_essay\simulations\experiments\dgp2_bias_diagnostics.py:323: RuntimeWarning: Mean of empty slice
  mise_mean       = float(np.nanmean(mise_arr)),
C:\Users\bilel\OneDrive - University of Cambridge\Part 3\Essays\pci_essay\simulations\experiments\dgp2_bias_diagnostics.py:323: RuntimeWarning: Mean of empty slice
  mise_mean       = float(np.nanmean(mise_arr)),

=== Wave 4 COMBINED + lambda_r  SNR=0.95, n=1000, M=50 ===
    [REG_KPV_super] n=1000
  [DONE] REG_KPV_super_M50
      bse_ref=0.4960  cov=0.960  SER=1.061  [26s]
    [DRK_KPV_super] n=1000
  [DONE] DRK_KPV_super_M50
      bse_ref=0.4715  cov=0.920  SER=0.998  [63s]
    [BIN_W4_A_eh285_ec200_mh2000] n=1000
  [DONE] BIN_W4_A_eh285_ec200_mh2000_M50
      bse_ref=0.0181  cov=0.960  SER=0.945  [282s]
    [BIN_W4_A_eh275_ec200_mh2000_L55] n=1000
  [DONE] BIN_W4_A_eh275_ec200_mh2000_L55_M50
      bse_ref=0.1098  cov=0.960  SER=0.943  [282s]
    [BIN_W4_B_balanced_lr30] n=1000
  [DONE] BIN_W4_B_balanced_lr30_M50
      bse_ref=0.0030  cov=0.960  SER=0.939  [66s]
    [BIN_W4_B_balanced_lr28] n=1000
  [DONE] BIN_W4_B_balanced_lr28_M50
      bse_ref=0.0776  cov=0.940  SER=0.952  [66s]
    [BIN_W4_B_balanced_lr15] n=1000
  [DONE] BIN_W4_B_balanced_lr15_M50
      bse_ref=0.0597  cov=0.940  SER=0.946  [66s]
    [BIN_W4_C_boundary_lr30] n=1000
  [DONE] BIN_W4_C_boundary_lr30_M50
      bse_ref=0.0386  cov=0.960  SER=0.942  [66s]
    [BIN_W4_C_boundary_lr20] n=1000
  [DONE] BIN_W4_C_boundary_lr20_M50
      bse_ref=0.0775  cov=0.960  SER=0.948  [66s]
    [BIN_W4_C_boundary_lr10] n=1000
  [DONE] BIN_W4_C_boundary_lr10_M50
      bse_ref=0.0256  cov=0.960  SER=0.943  [70s]
    [BIN_W4_D_mhrich_lr28] n=1000
  [DONE] BIN_W4_D_mhrich_lr28_M50
      bse_ref=0.0419  cov=0.960  SER=0.950  [292s]
config                      bias_ref    bse_ref    bse_a18    bse_a30    cov_ref    ser_refESS_min_mean w_p99_meanriesz_res_mean
--------------------------------------------------------------------------------------------------------------------------------
REG_KPV_super                -0.0164     0.4960     0.1170     0.4992     0.9600     1.0615    51.2176   3.74e-07     5.3612
DRK_KPV_super                -0.0175     0.4715     0.4655     0.3991     0.9200     0.9978   161.3089    10.7205     0.0062
BIN_W4_A_eh285_ec200_mh2000   5.49e-04     0.0181     0.2627     0.0397     0.9600     0.9450   982.5904     1.0489     0.0057
BIN_W4_A_eh275_ec200_mh2000_L55    -0.0033     0.1098     0.0648     0.1689     0.9600     0.9428   983.3550     1.0449     0.0058
BIN_W4_B_balanced_lr30      9.09e-05     0.0030     0.2091     0.0295     0.9600     0.9385   975.9806     1.2665     0.0046
BIN_W4_B_balanced_lr28       -0.0023     0.0776     0.0429     0.0361     0.9400     0.9519   980.6150     1.1298     0.0055
BIN_W4_B_balanced_lr15       -0.0018     0.0597     0.0978     0.0331     0.9400     0.9464   984.0036     1.0127     0.0067
BIN_W4_C_boundary_lr30       -0.0012     0.0386     0.1177     0.0265     0.9600     0.9417   973.2711     1.2667     0.0044
BIN_W4_C_boundary_lr20       -0.0023     0.0775     0.0648     0.0590     0.9600     0.9485   984.6013     1.0506     0.0053
BIN_W4_C_boundary_lr10     -7.72e-04     0.0256     0.1071     0.0013     0.9600     0.9429   985.2267     0.9343     0.0162
BIN_W4_D_mhrich_lr28         -0.0013     0.0419     0.1190     0.0059     0.9600     0.9504   979.1175     1.1343     0.0052
  Stage report: C:\Users\bilel\OneDrive - University of Cambridge\Part 3\Essays\pci_essay\simulations\results\summaries\phase14B_stagewave4.md

=== Phase 14B Wave 4 total: 1347s (22.4 min) ===
